[33mΓ¥»[39m Building...
[32mΓ£ö[39m Building...
Application bundle generation failed. [2.485 seconds] - 2026-03-01T20:27:41.535Z

node.exe : [1m[33m[33mΓû▓ 
[43;33m[[43;30mWARNING[43;
33m][0m [1mNG8107: The 
left side of this optional 
chain operation does not 
include 'null' or 
'undefined' in its type, 
therefore the '?.' operator 
can be replaced with the '.' 
operator.[0m 
[1m[35m[plugin 
angular-compiler][0m
En línea: 1 Carácter: 1
+ & "C:\Program 
Files\nodejs/node.exe" 
"C:\Program 
Files\nodejs/node_mo ...
+ ~~~~~~~~~~~~~~~~~~~~~~~~~~~
~~~~~~~~~~~~~~~~~~~~~~~~~~~~~
~~~~~~~~~~~~~
    + CategoryInfo           
   : NotSpecified: ([1m[3  
  3m[33mΓ...r-compiler][   
 0m:String) [], RemoteExc    
eption
    + FullyQualifiedErrorId  
   : NativeCommandError
 

    src/app/components/blog/b
log.component.html:26:35:
[37m      26 Γöé            
 @if (featured.authors?.[32m
length[37m) {
         Γò╡                 
                   
[32m~~~~~~[0m

  Warning occurs in the 
template of component 
BlogComponent.

    src/app/components/blog/b
log.component.ts:11:15:
[37m      11 Γöé   
templateUrl: [32m'./blog.com
ponent.html'[37m,
         Γò╡                
[32m~~~~~~~~~~~~~~~~~~~~~~~[
0m

[39m[22m
[1m[31m[31mX [41;31m[[41
;97mERROR[41;31m][0m 
[1mTS2345: Argument of type 
'Event' is not assignable to 
parameter of type 
'KeyboardEvent'.
  Type 'Event' is missing 
the following properties 
from type 'KeyboardEvent': 
altKey, charCode, code, 
ctrlKey, and 17 more.[0m 
[1m[35m[plugin 
angular-compiler][0m

    src/app/components/servic
e-modal/service-modal.compone
nt.ts:22:45:
[37m      22 Γöé   @HostList
ener('document:keydown.escape
', ['[32m$event[37m'])
         Γò╡                 
                             
[32m~~~~~~[0m

[39m[22m
